// Jest Snapshot v1, https://goo.gl/fbAQLP

exports[`Character item component renders a character 1`] = `
<DocumentFragment>
  <ul
    data-testid="characters"
  />
</DocumentFragment>
`;
